---
source: tui/tests/screens.rs
expression: player_two
---
"Rock-Paper-Scissors — Player 2                                                  "
"Round: 1  ·  Score: Player 1 0 – 0 Player 2                                     "
"┌ This round ──────────────────────────────┐┌ Events ──────────────────────────┐"
"│╭──────────╮ ╭──────────╮                 ││Player 1 has thrown.              │"
"││    ▒▒▒   │ │     ·    │                 ││                                  │"
"││ Player 1 │ │ Player 2 │                 ││                                  │"
"││  thrown  │ │ thinking │                 ││                                  │"
"│╰──────────╯ ╰──────────╯                 ││                                  │"
"└──────────────────────────────────────────┘│                                  │"
"┌ Your throw ──────────────────────────────┐│                                  │"
"│ Rock    Paper    Scissors                ││                                  │"
"└──────────────────────────────────────────┘│                                  │"
"                                            │                                  │"
"                                            │                                  │"
"                                            │                                  │"
"                                            │                                  │"
"                                            │                                  │"
"                                            │                                  │"
"                                            │                                  │"
"                                            │                                  │"
"                                            │                                  │"
"                                            │                                  │"
"                                            └──────────────────────────────────┘"
"←↑↓→ move  enter choose  q leave                                                "
