---
source: tui/tests/screens.rs
expression: screen(&app)
---
"Tic-tac-toe — Player 1                                                          "
"X: Player 1  ·  O: Player 2  ·  Turn: Player 1                                  "
"┌ Board ───────────────────────────────────┐┌ Events ──────────────────────────┐"
"│╭a1───╮╭b1───╮┏c1━━━┓                     ││Player 1 (X) plays a1.            │"
"││  X  ││  O  │┃  ·  ┃                     ││Player 2 (O) plays b1.            │"
"│╰─────╯╰─────╯┗━━━━━┛                     ││Player 1 (X) plays a2.            │"
"│╭a2───╮╭b2───╮╭c2───╮                     ││Player 2 (O) plays b2.            │"
"││  X  ││  O  ││  ·  │                     ││                                  │"
"│╰─────╯╰─────╯╰─────╯                     ││                                  │"
"│╭a3───╮╭b3───╮╭c3───╮                     ││                                  │"
"││  ·  ││  ·  ││  ·  │                     ││                                  │"
"│╰─────╯╰─────╯╰─────╯                     ││                                  │"
"└──────────────────────────────────────────┘│                                  │"
"                                            │                                  │"
"                                            │                                  │"
"                                            │                                  │"
"                                            │                                  │"
"                                            │                                  │"
"                                            │                                  │"
"                                            │                                  │"
"                                            │                                  │"
"                                            │                                  │"
"                                            └──────────────────────────────────┘"
"←↑↓→ move  enter choose  q leave                                                "
